kind: pipeline
type: docker
steps:
- when:
    paths:
      exclude:
      - README.md
    event:
      exclude:
      - '*'
  commands:
  - echo "README.md was not changed"
  image: busybox
  name: message
name: default
